
PROGRAM "G:\David\UNI\Sistemas Empotrados\Practicas\SistEmp_2020\Practica5\Lavadora\bin\Project.abs"

*********************************************************************************************
TARGET SECTION
---------------------------------------------------------------------------------------------
Processor   : Freescale HC08
Memory Model: SMALL
File Format : ELF\DWARF 2.0
Linker      : SmartLinker V-5.0.37 Build 9279, Oct  7 2009

*********************************************************************************************
FILE SECTION
---------------------------------------------------------------------------------------------
RTSHC08.C.o (ansifs.lib)                Model: SMALL,         Lang: ANSI-C
MC9S08SV16.C.o                          Model: SMALL,         Lang: ANSI-C
Start08.c.o                             Model: SMALL,         Lang: ANSI-C
clock.c.o                               Model: SMALL,         Lang: ANSI-C
motor.c.o                               Model: SMALL,         Lang: ANSI-C
lavadora.c.o                            Model: SMALL,         Lang: ANSI-C

*********************************************************************************************
STARTUP SECTION
---------------------------------------------------------------------------------------------
Entry point: 0xC07B (_Startup)
_startupData is allocated at 0xC084 and uses 6 Bytes
extern struct _tagStartup {
  unsigned nofZeroOut     1
  _Range   pZeroOut       0x100     650
  _Copy    *toCopyDownBeg 0xC652
} _startupData;

*********************************************************************************************
SECTION-ALLOCATION SECTION
Section Name                    Size  Type     From       To       Segment
---------------------------------------------------------------------------------------------
.init                            132     R     0xC000     0xC083   ROM
.startData                        14     R     0xC084     0xC091   ROM
.text                           1472     R     0xC092     0xC651   ROM
.copy                              2     R     0xC652     0xC653   ROM
.abs_section_0                     1   N/I        0x0        0x0   .absSeg0
.abs_section_1                     1   N/I        0x1        0x1   .absSeg1
.abs_section_6                     1   N/I        0x6        0x6   .absSeg2
.abs_section_7                     1   N/I        0x7        0x7   .absSeg3
.abs_section_8                     1   N/I        0x8        0x8   .absSeg4
.abs_section_b                     1   N/I        0xB        0xB   .absSeg5
.abs_section_c                     1   N/I        0xC        0xC   .absSeg6
.abs_section_d                     1   N/I        0xD        0xD   .absSeg7
.abs_section_e                     1   N/I        0xE        0xE   .absSeg8
.abs_section_f                     1   N/I        0xF        0xF   .absSeg9
.abs_section_10                    1   N/I       0x10       0x10   .absSeg10
.abs_section_15                    1   N/I       0x15       0x15   .absSeg11
.abs_section_18                    1   N/I       0x18       0x18   .absSeg12
.abs_section_1e                    1   N/I       0x1E       0x1E   .absSeg13
.abs_section_1f                    1   N/I       0x1F       0x1F   .absSeg14
.abs_section_20                    1   N/I       0x20       0x20   .absSeg15
.abs_section_25                    1   N/I       0x25       0x25   .absSeg16
.abs_section_28                    1   N/I       0x28       0x28   .absSeg17
.abs_section_2b                    1   N/I       0x2B       0x2B   .absSeg18
.abs_section_2e                    1   N/I       0x2E       0x2E   .absSeg19
.abs_section_31                    1   N/I       0x31       0x31   .absSeg20
.abs_section_34                    1   N/I       0x34       0x34   .absSeg21
.abs_section_38                    1   N/I       0x38       0x38   .absSeg22
.abs_section_39                    1   N/I       0x39       0x39   .absSeg23
.abs_section_3a                    1   N/I       0x3A       0x3A   .absSeg24
.abs_section_3b                    1   N/I       0x3B       0x3B   .absSeg25
.abs_section_3c                    1   N/I       0x3C       0x3C   .absSeg26
.abs_section_3d                    1   N/I       0x3D       0x3D   .absSeg27
.abs_section_3e                    1   N/I       0x3E       0x3E   .absSeg28
.abs_section_3f                    1   N/I       0x3F       0x3F   .absSeg29
.abs_section_1800                  1   N/I     0x1800     0x1800   .absSeg30
.abs_section_1801                  1   N/I     0x1801     0x1801   .absSeg31
.abs_section_1802                  1   N/I     0x1802     0x1802   .absSeg32
.abs_section_1803                  1   N/I     0x1803     0x1803   .absSeg33
.abs_section_1809                  1   N/I     0x1809     0x1809   .absSeg34
.abs_section_180a                  1   N/I     0x180A     0x180A   .absSeg35
.abs_section_1816                  1   N/I     0x1816     0x1816   .absSeg36
.abs_section_1817                  1   N/I     0x1817     0x1817   .absSeg37
.abs_section_1818                  1   N/I     0x1818     0x1818   .absSeg38
.abs_section_1820                  1   N/I     0x1820     0x1820   .absSeg39
.abs_section_1821                  1   N/I     0x1821     0x1821   .absSeg40
.abs_section_1823                  1   N/I     0x1823     0x1823   .absSeg41
.abs_section_1824                  1   N/I     0x1824     0x1824   .absSeg42
.abs_section_1825                  1   N/I     0x1825     0x1825   .absSeg43
.abs_section_1826                  1   N/I     0x1826     0x1826   .absSeg44
.abs_section_1840                  1   N/I     0x1840     0x1840   .absSeg45
.abs_section_1841                  1   N/I     0x1841     0x1841   .absSeg46
.abs_section_1842                  1   N/I     0x1842     0x1842   .absSeg47
.abs_section_1844                  1   N/I     0x1844     0x1844   .absSeg48
.abs_section_1845                  1   N/I     0x1845     0x1845   .absSeg49
.abs_section_1846                  1   N/I     0x1846     0x1846   .absSeg50
.abs_section_1848                  1   N/I     0x1848     0x1848   .absSeg51
.abs_section_1849                  1   N/I     0x1849     0x1849   .absSeg52
.abs_section_184a                  1   N/I     0x184A     0x184A   .absSeg53
.abs_section_184c                  1   N/I     0x184C     0x184C   .absSeg54
.abs_section_184d                  1   N/I     0x184D     0x184D   .absSeg55
.abs_section_184e                  1   N/I     0x184E     0x184E   .absSeg56
.abs_section_1852                  1   N/I     0x1852     0x1852   .absSeg57
.abs_section_1853                  1   N/I     0x1853     0x1853   .absSeg58
.abs_section_1854                  1   N/I     0x1854     0x1854   .absSeg59
.abs_section_1855                  1   N/I     0x1855     0x1855   .absSeg60
.abs_section_1856                  1   N/I     0x1856     0x1856   .absSeg61
.abs_section_1857                  1   N/I     0x1857     0x1857   .absSeg62
.abs_section_1858                  1   N/I     0x1858     0x1858   .absSeg63
.abs_section_1859                  1   N/I     0x1859     0x1859   .absSeg64
.abs_section_185a                  1   N/I     0x185A     0x185A   .absSeg65
.abs_section_185b                  1   N/I     0x185B     0x185B   .absSeg66
.abs_section_185c                  1   N/I     0x185C     0x185C   .absSeg67
.abs_section_185d                  1   N/I     0x185D     0x185D   .absSeg68
.abs_section_185e                  1   N/I     0x185E     0x185E   .absSeg69
.abs_section_1860                  1   N/I     0x1860     0x1860   .absSeg70
.abs_section_1861                  1   N/I     0x1861     0x1861   .absSeg71
.abs_section_1868                  1   N/I     0x1868     0x1868   .absSeg72
.abs_section_1869                  1   N/I     0x1869     0x1869   .absSeg73
.abs_section_186a                  1   N/I     0x186A     0x186A   .absSeg74
.abs_section_186b                  1   N/I     0x186B     0x186B   .absSeg75
.abs_section_186d                  1   N/I     0x186D     0x186D   .absSeg76
.abs_section_1870                  1   N/I     0x1870     0x1870   .absSeg77
.abs_section_1871                  1   N/I     0x1871     0x1871   .absSeg78
.abs_section_1872                  1   N/I     0x1872     0x1872   .absSeg79
.abs_section_1873                  1   N/I     0x1873     0x1873   .absSeg80
.abs_section_1874                  1   N/I     0x1874     0x1874   .absSeg81
.abs_section_1875                  1   N/I     0x1875     0x1875   .absSeg82
.abs_section_1878                  1   N/I     0x1878     0x1878   .absSeg83
.abs_section_1879                  1   N/I     0x1879     0x1879   .absSeg84
.abs_section_187a                  1   N/I     0x187A     0x187A   .absSeg85
.abs_section_187b                  1   N/I     0x187B     0x187B   .absSeg86
.abs_section_187c                  1   N/I     0x187C     0x187C   .absSeg87
.abs_section_187d                  1   N/I     0x187D     0x187D   .absSeg88
.abs_section_187e                  1   N/I     0x187E     0x187E   .absSeg89
.abs_section_187f                  1   N/I     0x187F     0x187F   .absSeg90
.abs_section_2                     2   N/I        0x2        0x3   .absSeg91
.abs_section_4                     2   N/I        0x4        0x5   .absSeg92
.abs_section_11                    2   N/I       0x11       0x12   .absSeg93
.abs_section_13                    2   N/I       0x13       0x14   .absSeg94
.abs_section_16                    2   N/I       0x16       0x17   .absSeg95
.abs_section_19                    2   N/I       0x19       0x1A   .absSeg96
.abs_section_21                    2   N/I       0x21       0x22   .absSeg97
.abs_section_23                    2   N/I       0x23       0x24   .absSeg98
.abs_section_26                    2   N/I       0x26       0x27   .absSeg99
.abs_section_29                    2   N/I       0x29       0x2A   .absSeg100
.abs_section_2c                    2   N/I       0x2C       0x2D   .absSeg101
.abs_section_2f                    2   N/I       0x2F       0x30   .absSeg102
.abs_section_32                    2   N/I       0x32       0x33   .absSeg103
.abs_section_35                    2   N/I       0x35       0x36   .absSeg104
.abs_section_1806                  2   N/I     0x1806     0x1807   .absSeg105
.abs_section_1810                  2   N/I     0x1810     0x1811   .absSeg106
.abs_section_1812                  2   N/I     0x1812     0x1813   .absSeg107
.abs_section_1814                  2   N/I     0x1814     0x1815   .absSeg108
.abs_section_1850                  2   N/I     0x1850     0x1851   .absSeg109
.abs_section_1862                  2   N/I     0x1862     0x1863   .absSeg110
.abs_section_1864                  2   N/I     0x1864     0x1865   .absSeg111
.abs_section_fff2                  2     R     0xFFF2     0xFFF3   .absSeg112
.bss                              31   R/W      0x100      0x11E   RAM
.common                          619   R/W      0x11F      0x389   RAM
.stack                           128   R/W      0x38A      0x409   RAM
.vectSeg113_vect                   2     R     0xFFFE     0xFFFF   .vectSeg113

Summary of section sizes per section type:
READ_ONLY (R):         658 (dec:     1624)
READ_WRITE (R/W):      30A (dec:      778)
NO_INIT (N/I):          85 (dec:      133)

*********************************************************************************************
VECTOR-ALLOCATION SECTION
    Address     InitValue   InitFunction
---------------------------------------------------------------------------------------------
     0xFFFE        0xC07B   _Startup

*********************************************************************************************
OBJECT-ALLOCATION SECTION
     Name               Module                 Addr   hSize   dSize     Ref    Section   RLIB
---------------------------------------------------------------------------------------------
MODULE:                 -- RTSHC08.C.o (ansifs.lib) --
- PROCEDURES:
     _PUSH_ARGS_L                              C092      20      32       2   .text       
     _ENTER_BINARY_L                           C0B2      16      22       2   .text       
     _ENTER_BINARY_L_RC                        C0C8      19      25       1   .text       
     _IDIVMOD                                  C0E1      69     105       1   .text       
     _SPLITSIGN                                C14A      1C      28       1   .text       
     _IMODS_STAR08                             C166      25      37       1   .text       
     _COPY                                     C18B      30      48       2   .text       
     _POP32                                    C1BB      1A      26       2   .text       
     F_CLRK                                    C1D5       6       6       2   .text       
     F_NANK                                    C1DB       6       6       2   .text       
     F_INFK                                    C1E1       6       6       2   .text       
     F_TLK                                     C1E7      1E      30       2   .text       
     F_XGKL                                    C205      48      72       1   .text       
     _UNPACK_k_to_K                            C24D      58      88       2   .text       
     _UNPACK_j_to_L                            C2A5      58      88       2   .text       
     _PACK_K_to_k                              C2FD      4F      79       2   .text       
     F_NORMK                                   C34C      43      67       2   .text       
     _FADD_K_is_K_plus_L                       C38F      B2     178       1   .text       
     _FMUL_K_is_K_times_L                      C441      90     144       1   .text       
     _FADD_Common                              C4D1       F      15       2   .text       
     _FSUB_Common                              C4E0       9       9       1   .text       
     _FMUL_Common                              C4E9       F      15       1   .text       
     _FADD                                     C4F8       7       7       1   .text       
     _FSUB                                     C4FF       7       7       1   .text       
     _FMUL_RC                                  C506       7       7       2   .text       
- VARIABLES:
MODULE:                 -- MC9S08SV16.C.o --
- PROCEDURES:
- VARIABLES:
     _ADCSC1                                      0       1       1       0   .abs_section_0
     _ADCSC2                                      1       1       1       0   .abs_section_1
     _ADCCFG                                      6       1       1       0   .abs_section_6
     _APCTL1                                      7       1       1       0   .abs_section_7
     _APCTL2                                      8       1       1       0   .abs_section_8
     _IRQSC                                       B       1       1       0   .abs_section_b
     _KBISC                                       C       1       1       0   .abs_section_c
     _KBIPE                                       D       1       1       0   .abs_section_d
     _KBIES                                       E       1       1       0   .abs_section_e
     _ACMPSC                                      F       1       1       0   .abs_section_f
     _TPM2SC                                     10       1       1       0   .abs_section_10
     _TPM2C0SC                                   15       1       1       0   .abs_section_15
     _TPM2C1SC                                   18       1       1       0   .abs_section_18
     _IPCSC                                      1E       1       1       0   .abs_section_1e
     _IPMPS                                      1F       1       1       0   .abs_section_1f
     _TPM1SC                                     20       1       1       0   .abs_section_20
     _TPM1C0SC                                   25       1       1       0   .abs_section_25
     _TPM1C1SC                                   28       1       1       0   .abs_section_28
     _TPM1C2SC                                   2B       1       1       0   .abs_section_2b
     _TPM1C3SC                                   2E       1       1       0   .abs_section_2e
     _TPM1C4SC                                   31       1       1       0   .abs_section_31
     _TPM1C5SC                                   34       1       1       0   .abs_section_34
     _PTAD                                       38       1       1       0   .abs_section_38
     _PTADD                                      39       1       1       0   .abs_section_39
     _PTBD                                       3A       1       1       1   .abs_section_3a
     _PTBDD                                      3B       1       1       1   .abs_section_3b
     _PTCD                                       3C       1       1       0   .abs_section_3c
     _PTCDD                                      3D       1       1       0   .abs_section_3d
     _PTDD                                       3E       1       1       0   .abs_section_3e
     _PTDDD                                      3F       1       1       0   .abs_section_3f
     _SRS                                      1800       1       1       0   .abs_section_1800
     _SBDFR                                    1801       1       1       0   .abs_section_1801
     _SOPT1                                    1802       1       1       1   .abs_section_1802
     _SOPT2                                    1803       1       1       0   .abs_section_1803
     _SPMSC1                                   1809       1       1       0   .abs_section_1809
     _SPMSC2                                   180A       1       1       0   .abs_section_180a
     _DBGC                                     1816       1       1       0   .abs_section_1816
     _DBGT                                     1817       1       1       0   .abs_section_1817
     _DBGS                                     1818       1       1       0   .abs_section_1818
     _FCDIV                                    1820       1       1       0   .abs_section_1820
     _FOPT                                     1821       1       1       0   .abs_section_1821
     _FCNFG                                    1823       1       1       0   .abs_section_1823
     _FPROT                                    1824       1       1       0   .abs_section_1824
     _FSTAT                                    1825       1       1       0   .abs_section_1825
     _FCMD                                     1826       1       1       0   .abs_section_1826
     _PTAPE                                    1840       1       1       0   .abs_section_1840
     _PTASE                                    1841       1       1       0   .abs_section_1841
     _PTADS                                    1842       1       1       0   .abs_section_1842
     _PTBPE                                    1844       1       1       0   .abs_section_1844
     _PTBSE                                    1845       1       1       0   .abs_section_1845
     _PTBDS                                    1846       1       1       0   .abs_section_1846
     _PTCPE                                    1848       1       1       0   .abs_section_1848
     _PTCSE                                    1849       1       1       0   .abs_section_1849
     _PTCDS                                    184A       1       1       0   .abs_section_184a
     _PTDPE                                    184C       1       1       0   .abs_section_184c
     _PTDSE                                    184D       1       1       0   .abs_section_184d
     _PTDDS                                    184E       1       1       0   .abs_section_184e
     _SCIC1                                    1852       1       1       0   .abs_section_1852
     _SCIC2                                    1853       1       1       0   .abs_section_1853
     _SCIS1                                    1854       1       1       0   .abs_section_1854
     _SCIS2                                    1855       1       1       0   .abs_section_1855
     _SCIC3                                    1856       1       1       0   .abs_section_1856
     _SCID                                     1857       1       1       0   .abs_section_1857
     _ICSC1                                    1858       1       1       0   .abs_section_1858
     _ICSC2                                    1859       1       1       1   .abs_section_1859
     _ICSTRM                                   185A       1       1       1   .abs_section_185a
     _ICSSC                                    185B       1       1       0   .abs_section_185b
     _RTCSC                                    185C       1       1       0   .abs_section_185c
     _RTCCNT                                   185D       1       1       0   .abs_section_185d
     _RTCMOD                                   185E       1       1       0   .abs_section_185e
     _MTIMSC                                   1860       1       1       2   .abs_section_1860
     _MTIMCLK                                  1861       1       1       0   .abs_section_1861
     _SPIC1                                    1868       1       1       0   .abs_section_1868
     _SPIC2                                    1869       1       1       0   .abs_section_1869
     _SPIBR                                    186A       1       1       0   .abs_section_186a
     _SPIS                                     186B       1       1       0   .abs_section_186b
     _SPID                                     186D       1       1       0   .abs_section_186d
     _IICA                                     1870       1       1       0   .abs_section_1870
     _IICF                                     1871       1       1       0   .abs_section_1871
     _IICC1                                    1872       1       1       0   .abs_section_1872
     _IICS                                     1873       1       1       0   .abs_section_1873
     _IICD                                     1874       1       1       0   .abs_section_1874
     _IICC2                                    1875       1       1       0   .abs_section_1875
     _ILRS0                                    1878       1       1       0   .abs_section_1878
     _ILRS1                                    1879       1       1       0   .abs_section_1879
     _ILRS2                                    187A       1       1       0   .abs_section_187a
     _ILRS3                                    187B       1       1       0   .abs_section_187b
     _ILRS4                                    187C       1       1       0   .abs_section_187c
     _ILRS5                                    187D       1       1       0   .abs_section_187d
     _ILRS6                                    187E       1       1       0   .abs_section_187e
     _ILRS7                                    187F       1       1       0   .abs_section_187f
     _ADCR                                        2       2       2       0   .abs_section_2
     _ADCCV                                       4       2       2       0   .abs_section_4
     _TPM2CNT                                    11       2       2       0   .abs_section_11
     _TPM2MOD                                    13       2       2       0   .abs_section_13
     _TPM2C0V                                    16       2       2       0   .abs_section_16
     _TPM2C1V                                    19       2       2       0   .abs_section_19
     _TPM1CNT                                    21       2       2       0   .abs_section_21
     _TPM1MOD                                    23       2       2       0   .abs_section_23
     _TPM1C0V                                    26       2       2       0   .abs_section_26
     _TPM1C1V                                    29       2       2       0   .abs_section_29
     _TPM1C2V                                    2C       2       2       0   .abs_section_2c
     _TPM1C3V                                    2F       2       2       0   .abs_section_2f
     _TPM1C4V                                    32       2       2       0   .abs_section_32
     _TPM1C5V                                    35       2       2       0   .abs_section_35
     _SDID                                     1806       2       2       0   .abs_section_1806
     _DBGCA                                    1810       2       2       0   .abs_section_1810
     _DBGCB                                    1812       2       2       0   .abs_section_1812
     _DBGF                                     1814       2       2       0   .abs_section_1814
     _SCIBD                                    1850       2       2       0   .abs_section_1850
     _MTIMCNT                                  1862       2       2       0   .abs_section_1862
     _MTIMMOD                                  1864       2       2       0   .abs_section_1864
MODULE:                 -- Start08.c.o --
- PROCEDURES:
     loadByte                                  C000       E      14       5   .init       
     Init                                      C00E      6D     109       1   .init       
     _Startup                                  C07B       9       9       0   .init       
- VARIABLES:
     _startupData                              C084       6       6       4   .startData  
- LABELS:
     __SEG_END_SSTACK                           40A       0       0       1               
MODULE:                 -- clock.c.o --
- PROCEDURES:
     Tick                                      C50D      33      51       1   .text       
     Get_Time                                  C540      10      16       1   .text       
- VARIABLES:
     TO                                         100       1       1       1   .bss        
     Active_Timer                               101       1       1       2   .bss        
     tick_counter                               102       2       2       4   .bss        
     Timer                                      104       2       2       1   .bss        
     _Vector_6                                 FFF2       2       2       0   .abs_section_fff2
     timer_function                             11F       2       2       1   .common     
MODULE:                 -- motor.c.o --
- PROCEDURES:
     Set_U                                     C550      4B      75       1   .text       
     Read_W                                    C59B       B      11       1   .text       
- VARIABLES:
     Vel                                        106       4       4       4   .bss        
     Vel_1                                      10A       4       4       3   .bss        
     Uk                                         10E       4       4       4   .bss        
     Uk_1                                       112       4       4       3   .bss        
MODULE:                 -- lavadora.c.o --
- PROCEDURES:
     main                                      C5A6      22      34       1   .text       
     InitSystem                                C5C8      27      39       1   .text       
     Control_Motor                             C5EF      63      99       1   .text       
- VARIABLES:
     U                                          116       4       4       2   .bss        
     E_ant                                      11A       4       4       2   .bss        
     j                                          11E       1       1       4   .bss        
     siguiente                                  121       2       2       1   .common     
     estado                                     123       2       2       1   .common     
     Entrada                                    125       1       1       1   .common     
     W                                          126       4       4       3   .common     
     W_ref                                      12A       4       4       3   .common     
     E                                          12E       4       4       3   .common     
     buffer                                     132     258     600       2   .common     

*********************************************************************************************
MODULE STATISTIC
  Name                                      Data   Code  Const
---------------------------------------------------------------------------------------------
  RTSHC08.C.o (ansifs.lib)                     0   1147      0
  MC9S08SV16.C.o                             133      0      0
  Start08.c.o                                  0    132      0
  clock.c.o                                    8     67      2
  motor.c.o                                   16     86      0
  lavadora.c.o                               626    172      0
  other                                      128     16      2

*********************************************************************************************
SECTION USE IN OBJECT-ALLOCATION SECTION
---------------------------------------------------------------------------------------------
SECTION: ".text"
  _PUSH_ARGS_L _ENTER_BINARY_L _ENTER_BINARY_L_RC _IDIVMOD _SPLITSIGN 
  _IMODS_STAR08 _COPY _POP32 F_CLRK F_NANK F_INFK F_TLK F_XGKL _UNPACK_k_to_K 
  _UNPACK_j_to_L _PACK_K_to_k F_NORMK _FADD_K_is_K_plus_L _FMUL_K_is_K_times_L 
  _FADD_Common _FSUB_Common _FMUL_Common _FADD _FSUB _FMUL_RC Tick Get_Time 
  Set_U Read_W main InitSystem Control_Motor 
SECTION: ".bss"
  TO Active_Timer tick_counter Timer Vel Vel_1 Uk Uk_1 U E_ant j 
SECTION: ".init"
  loadByte Init _Startup 
SECTION: ".common"
  timer_function siguiente estado Entrada W W_ref E buffer 
SECTION: ".abs_section_0"
  _ADCSC1 
SECTION: ".abs_section_1"
  _ADCSC2 
SECTION: ".abs_section_6"
  _ADCCFG 
SECTION: ".abs_section_7"
  _APCTL1 
SECTION: ".abs_section_8"
  _APCTL2 
SECTION: ".abs_section_b"
  _IRQSC 
SECTION: ".abs_section_c"
  _KBISC 
SECTION: ".abs_section_d"
  _KBIPE 
SECTION: ".abs_section_e"
  _KBIES 
SECTION: ".abs_section_f"
  _ACMPSC 
SECTION: ".abs_section_10"
  _TPM2SC 
SECTION: ".abs_section_15"
  _TPM2C0SC 
SECTION: ".abs_section_18"
  _TPM2C1SC 
SECTION: ".abs_section_1e"
  _IPCSC 
SECTION: ".abs_section_1f"
  _IPMPS 
SECTION: ".abs_section_20"
  _TPM1SC 
SECTION: ".abs_section_25"
  _TPM1C0SC 
SECTION: ".abs_section_28"
  _TPM1C1SC 
SECTION: ".abs_section_2b"
  _TPM1C2SC 
SECTION: ".abs_section_2e"
  _TPM1C3SC 
SECTION: ".abs_section_31"
  _TPM1C4SC 
SECTION: ".abs_section_34"
  _TPM1C5SC 
SECTION: ".abs_section_38"
  _PTAD 
SECTION: ".abs_section_39"
  _PTADD 
SECTION: ".abs_section_3a"
  _PTBD 
SECTION: ".abs_section_3b"
  _PTBDD 
SECTION: ".abs_section_3c"
  _PTCD 
SECTION: ".abs_section_3d"
  _PTCDD 
SECTION: ".abs_section_3e"
  _PTDD 
SECTION: ".abs_section_3f"
  _PTDDD 
SECTION: ".abs_section_1800"
  _SRS 
SECTION: ".abs_section_1801"
  _SBDFR 
SECTION: ".abs_section_1802"
  _SOPT1 
SECTION: ".abs_section_1803"
  _SOPT2 
SECTION: ".abs_section_1809"
  _SPMSC1 
SECTION: ".abs_section_180a"
  _SPMSC2 
SECTION: ".abs_section_1816"
  _DBGC 
SECTION: ".abs_section_1817"
  _DBGT 
SECTION: ".abs_section_1818"
  _DBGS 
SECTION: ".abs_section_1820"
  _FCDIV 
SECTION: ".abs_section_1821"
  _FOPT 
SECTION: ".abs_section_1823"
  _FCNFG 
SECTION: ".abs_section_1824"
  _FPROT 
SECTION: ".abs_section_1825"
  _FSTAT 
SECTION: ".abs_section_1826"
  _FCMD 
SECTION: ".abs_section_1840"
  _PTAPE 
SECTION: ".abs_section_1841"
  _PTASE 
SECTION: ".abs_section_1842"
  _PTADS 
SECTION: ".abs_section_1844"
  _PTBPE 
SECTION: ".abs_section_1845"
  _PTBSE 
SECTION: ".abs_section_1846"
  _PTBDS 
SECTION: ".abs_section_1848"
  _PTCPE 
SECTION: ".abs_section_1849"
  _PTCSE 
SECTION: ".abs_section_184a"
  _PTCDS 
SECTION: ".abs_section_184c"
  _PTDPE 
SECTION: ".abs_section_184d"
  _PTDSE 
SECTION: ".abs_section_184e"
  _PTDDS 
SECTION: ".abs_section_1852"
  _SCIC1 
SECTION: ".abs_section_1853"
  _SCIC2 
SECTION: ".abs_section_1854"
  _SCIS1 
SECTION: ".abs_section_1855"
  _SCIS2 
SECTION: ".abs_section_1856"
  _SCIC3 
SECTION: ".abs_section_1857"
  _SCID 
SECTION: ".abs_section_1858"
  _ICSC1 
SECTION: ".abs_section_1859"
  _ICSC2 
SECTION: ".abs_section_185a"
  _ICSTRM 
SECTION: ".abs_section_185b"
  _ICSSC 
SECTION: ".abs_section_185c"
  _RTCSC 
SECTION: ".abs_section_185d"
  _RTCCNT 
SECTION: ".abs_section_185e"
  _RTCMOD 
SECTION: ".abs_section_1860"
  _MTIMSC 
SECTION: ".abs_section_1861"
  _MTIMCLK 
SECTION: ".abs_section_1868"
  _SPIC1 
SECTION: ".abs_section_1869"
  _SPIC2 
SECTION: ".abs_section_186a"
  _SPIBR 
SECTION: ".abs_section_186b"
  _SPIS 
SECTION: ".abs_section_186d"
  _SPID 
SECTION: ".abs_section_1870"
  _IICA 
SECTION: ".abs_section_1871"
  _IICF 
SECTION: ".abs_section_1872"
  _IICC1 
SECTION: ".abs_section_1873"
  _IICS 
SECTION: ".abs_section_1874"
  _IICD 
SECTION: ".abs_section_1875"
  _IICC2 
SECTION: ".abs_section_1878"
  _ILRS0 
SECTION: ".abs_section_1879"
  _ILRS1 
SECTION: ".abs_section_187a"
  _ILRS2 
SECTION: ".abs_section_187b"
  _ILRS3 
SECTION: ".abs_section_187c"
  _ILRS4 
SECTION: ".abs_section_187d"
  _ILRS5 
SECTION: ".abs_section_187e"
  _ILRS6 
SECTION: ".abs_section_187f"
  _ILRS7 
SECTION: ".abs_section_2"
  _ADCR 
SECTION: ".abs_section_4"
  _ADCCV 
SECTION: ".abs_section_11"
  _TPM2CNT 
SECTION: ".abs_section_13"
  _TPM2MOD 
SECTION: ".abs_section_16"
  _TPM2C0V 
SECTION: ".abs_section_19"
  _TPM2C1V 
SECTION: ".abs_section_21"
  _TPM1CNT 
SECTION: ".abs_section_23"
  _TPM1MOD 
SECTION: ".abs_section_26"
  _TPM1C0V 
SECTION: ".abs_section_29"
  _TPM1C1V 
SECTION: ".abs_section_2c"
  _TPM1C2V 
SECTION: ".abs_section_2f"
  _TPM1C3V 
SECTION: ".abs_section_32"
  _TPM1C4V 
SECTION: ".abs_section_35"
  _TPM1C5V 
SECTION: ".abs_section_1806"
  _SDID 
SECTION: ".abs_section_1810"
  _DBGCA 
SECTION: ".abs_section_1812"
  _DBGCB 
SECTION: ".abs_section_1814"
  _DBGF 
SECTION: ".abs_section_1850"
  _SCIBD 
SECTION: ".abs_section_1862"
  _MTIMCNT 
SECTION: ".abs_section_1864"
  _MTIMMOD 
SECTION: ".abs_section_fff2"
  _Vector_6 

*********************************************************************************************
OBJECT LIST SORTED BY ADDRESS
     Name                                      Addr   hSize   dSize     Ref    Section   RLIB
---------------------------------------------------------------------------------------------
     _ADCSC1                                      0       1       1       0   .abs_section_0
     _ADCSC2                                      1       1       1       0   .abs_section_1
     _ADCR                                        2       2       2       0   .abs_section_2
     _ADCCV                                       4       2       2       0   .abs_section_4
     _ADCCFG                                      6       1       1       0   .abs_section_6
     _APCTL1                                      7       1       1       0   .abs_section_7
     _APCTL2                                      8       1       1       0   .abs_section_8
     _IRQSC                                       B       1       1       0   .abs_section_b
     _KBISC                                       C       1       1       0   .abs_section_c
     _KBIPE                                       D       1       1       0   .abs_section_d
     _KBIES                                       E       1       1       0   .abs_section_e
     _ACMPSC                                      F       1       1       0   .abs_section_f
     _TPM2SC                                     10       1       1       0   .abs_section_10
     _TPM2CNT                                    11       2       2       0   .abs_section_11
     _TPM2MOD                                    13       2       2       0   .abs_section_13
     _TPM2C0SC                                   15       1       1       0   .abs_section_15
     _TPM2C0V                                    16       2       2       0   .abs_section_16
     _TPM2C1SC                                   18       1       1       0   .abs_section_18
     _TPM2C1V                                    19       2       2       0   .abs_section_19
     _IPCSC                                      1E       1       1       0   .abs_section_1e
     _IPMPS                                      1F       1       1       0   .abs_section_1f
     _TPM1SC                                     20       1       1       0   .abs_section_20
     _TPM1CNT                                    21       2       2       0   .abs_section_21
     _TPM1MOD                                    23       2       2       0   .abs_section_23
     _TPM1C0SC                                   25       1       1       0   .abs_section_25
     _TPM1C0V                                    26       2       2       0   .abs_section_26
     _TPM1C1SC                                   28       1       1       0   .abs_section_28
     _TPM1C1V                                    29       2       2       0   .abs_section_29
     _TPM1C2SC                                   2B       1       1       0   .abs_section_2b
     _TPM1C2V                                    2C       2       2       0   .abs_section_2c
     _TPM1C3SC                                   2E       1       1       0   .abs_section_2e
     _TPM1C3V                                    2F       2       2       0   .abs_section_2f
     _TPM1C4SC                                   31       1       1       0   .abs_section_31
     _TPM1C4V                                    32       2       2       0   .abs_section_32
     _TPM1C5SC                                   34       1       1       0   .abs_section_34
     _TPM1C5V                                    35       2       2       0   .abs_section_35
     _PTAD                                       38       1       1       0   .abs_section_38
     _PTADD                                      39       1       1       0   .abs_section_39
     _PTBD                                       3A       1       1       1   .abs_section_3a
     _PTBDD                                      3B       1       1       1   .abs_section_3b
     _PTCD                                       3C       1       1       0   .abs_section_3c
     _PTCDD                                      3D       1       1       0   .abs_section_3d
     _PTDD                                       3E       1       1       0   .abs_section_3e
     _PTDDD                                      3F       1       1       0   .abs_section_3f
     TO                                         100       1       1       1   .bss        
     Active_Timer                               101       1       1       2   .bss        
     tick_counter                               102       2       2       4   .bss        
     Timer                                      104       2       2       1   .bss        
     Vel                                        106       4       4       4   .bss        
     Vel_1                                      10A       4       4       3   .bss        
     Uk                                         10E       4       4       4   .bss        
     Uk_1                                       112       4       4       3   .bss        
     U                                          116       4       4       2   .bss        
     E_ant                                      11A       4       4       2   .bss        
     j                                          11E       1       1       4   .bss        
     timer_function                             11F       2       2       1   .common     
     siguiente                                  121       2       2       1   .common     
     estado                                     123       2       2       1   .common     
     Entrada                                    125       1       1       1   .common     
     W                                          126       4       4       3   .common     
     W_ref                                      12A       4       4       3   .common     
     E                                          12E       4       4       3   .common     
     buffer                                     132     258     600       2   .common     
     _SRS                                      1800       1       1       0   .abs_section_1800
     _SBDFR                                    1801       1       1       0   .abs_section_1801
     _SOPT1                                    1802       1       1       1   .abs_section_1802
     _SOPT2                                    1803       1       1       0   .abs_section_1803
     _SDID                                     1806       2       2       0   .abs_section_1806
     _SPMSC1                                   1809       1       1       0   .abs_section_1809
     _SPMSC2                                   180A       1       1       0   .abs_section_180a
     _DBGCA                                    1810       2       2       0   .abs_section_1810
     _DBGCB                                    1812       2       2       0   .abs_section_1812
     _DBGF                                     1814       2       2       0   .abs_section_1814
     _DBGC                                     1816       1       1       0   .abs_section_1816
     _DBGT                                     1817       1       1       0   .abs_section_1817
     _DBGS                                     1818       1       1       0   .abs_section_1818
     _FCDIV                                    1820       1       1       0   .abs_section_1820
     _FOPT                                     1821       1       1       0   .abs_section_1821
     _FCNFG                                    1823       1       1       0   .abs_section_1823
     _FPROT                                    1824       1       1       0   .abs_section_1824
     _FSTAT                                    1825       1       1       0   .abs_section_1825
     _FCMD                                     1826       1       1       0   .abs_section_1826
     _PTAPE                                    1840       1       1       0   .abs_section_1840
     _PTASE                                    1841       1       1       0   .abs_section_1841
     _PTADS                                    1842       1       1       0   .abs_section_1842
     _PTBPE                                    1844       1       1       0   .abs_section_1844
     _PTBSE                                    1845       1       1       0   .abs_section_1845
     _PTBDS                                    1846       1       1       0   .abs_section_1846
     _PTCPE                                    1848       1       1       0   .abs_section_1848
     _PTCSE                                    1849       1       1       0   .abs_section_1849
     _PTCDS                                    184A       1       1       0   .abs_section_184a
     _PTDPE                                    184C       1       1       0   .abs_section_184c
     _PTDSE                                    184D       1       1       0   .abs_section_184d
     _PTDDS                                    184E       1       1       0   .abs_section_184e
     _SCIBD                                    1850       2       2       0   .abs_section_1850
     _SCIC1                                    1852       1       1       0   .abs_section_1852
     _SCIC2                                    1853       1       1       0   .abs_section_1853
     _SCIS1                                    1854       1       1       0   .abs_section_1854
     _SCIS2                                    1855       1       1       0   .abs_section_1855
     _SCIC3                                    1856       1       1       0   .abs_section_1856
     _SCID                                     1857       1       1       0   .abs_section_1857
     _ICSC1                                    1858       1       1       0   .abs_section_1858
     _ICSC2                                    1859       1       1       1   .abs_section_1859
     _ICSTRM                                   185A       1       1       1   .abs_section_185a
     _ICSSC                                    185B       1       1       0   .abs_section_185b
     _RTCSC                                    185C       1       1       0   .abs_section_185c
     _RTCCNT                                   185D       1       1       0   .abs_section_185d
     _RTCMOD                                   185E       1       1       0   .abs_section_185e
     _MTIMSC                                   1860       1       1       2   .abs_section_1860
     _MTIMCLK                                  1861       1       1       0   .abs_section_1861
     _MTIMCNT                                  1862       2       2       0   .abs_section_1862
     _MTIMMOD                                  1864       2       2       0   .abs_section_1864
     _SPIC1                                    1868       1       1       0   .abs_section_1868
     _SPIC2                                    1869       1       1       0   .abs_section_1869
     _SPIBR                                    186A       1       1       0   .abs_section_186a
     _SPIS                                     186B       1       1       0   .abs_section_186b
     _SPID                                     186D       1       1       0   .abs_section_186d
     _IICA                                     1870       1       1       0   .abs_section_1870
     _IICF                                     1871       1       1       0   .abs_section_1871
     _IICC1                                    1872       1       1       0   .abs_section_1872
     _IICS                                     1873       1       1       0   .abs_section_1873
     _IICD                                     1874       1       1       0   .abs_section_1874
     _IICC2                                    1875       1       1       0   .abs_section_1875
     _ILRS0                                    1878       1       1       0   .abs_section_1878
     _ILRS1                                    1879       1       1       0   .abs_section_1879
     _ILRS2                                    187A       1       1       0   .abs_section_187a
     _ILRS3                                    187B       1       1       0   .abs_section_187b
     _ILRS4                                    187C       1       1       0   .abs_section_187c
     _ILRS5                                    187D       1       1       0   .abs_section_187d
     _ILRS6                                    187E       1       1       0   .abs_section_187e
     _ILRS7                                    187F       1       1       0   .abs_section_187f
     loadByte                                  C000       E      14       5   .init       
     Init                                      C00E      6D     109       1   .init       
     _Startup                                  C07B       9       9       0   .init       
     _PUSH_ARGS_L                              C092      20      32       2   .text       
     _ENTER_BINARY_L                           C0B2      16      22       2   .text       
     _ENTER_BINARY_L_RC                        C0C8      19      25       1   .text       
     _IDIVMOD                                  C0E1      69     105       1   .text       
     _SPLITSIGN                                C14A      1C      28       1   .text       
     _IMODS_STAR08                             C166      25      37       1   .text       
     _COPY                                     C18B      30      48       2   .text       
     _POP32                                    C1BB      1A      26       2   .text       
     F_CLRK                                    C1D5       6       6       2   .text       
     F_NANK                                    C1DB       6       6       2   .text       
     F_INFK                                    C1E1       6       6       2   .text       
     F_TLK                                     C1E7      1E      30       2   .text       
     F_XGKL                                    C205      48      72       1   .text       
     _UNPACK_k_to_K                            C24D      58      88       2   .text       
     _UNPACK_j_to_L                            C2A5      58      88       2   .text       
     _PACK_K_to_k                              C2FD      4F      79       2   .text       
     F_NORMK                                   C34C      43      67       2   .text       
     _FADD_K_is_K_plus_L                       C38F      B2     178       1   .text       
     _FMUL_K_is_K_times_L                      C441      90     144       1   .text       
     _FADD_Common                              C4D1       F      15       2   .text       
     _FSUB_Common                              C4E0       9       9       1   .text       
     _FMUL_Common                              C4E9       F      15       1   .text       
     _FADD                                     C4F8       7       7       1   .text       
     _FSUB                                     C4FF       7       7       1   .text       
     _FMUL_RC                                  C506       7       7       2   .text       
     Tick                                      C50D      33      51       1   .text       
     Get_Time                                  C540      10      16       1   .text       
     Set_U                                     C550      4B      75       1   .text       
     Read_W                                    C59B       B      11       1   .text       
     main                                      C5A6      22      34       1   .text       
     InitSystem                                C5C8      27      39       1   .text       
     Control_Motor                             C5EF      63      99       1   .text       
     _Vector_6                                 FFF2       2       2       0   .abs_section_fff2

*********************************************************************************************
UNUSED-OBJECTS SECTION
---------------------------------------------------------------------------------------------
NOT USED PROCEDURES
RTSHC08.C.o (ansifs.lib):
  _PUSH_ARGS_D _ENTER_UNARY_L _ENTER_UNARY_L64 _ENTER_UNARY_L64_4 
  _ENTER_BINARY_L_LC _ENTER_BINARY_L64 _ENTER_BINARY_L64_LC 
  _ENTER_BINARY_L64_RC _LADD_k_is_k_plus_j _k_is_k_plus_j_l _k_is_k_plus_j_i 
  _LSUB_k_is_k_minus_j _LAND_k_is_k_and_j _LOR_k_is_k_or_j _LXOR_k_is_k_xor_j 
  _LMUL_k_is_k_mul_j _LDIVMOD _NEG_L_HX _ABS_L_HX _SPLITSIGN_L 
  _LMODU_k_is_k_mod_j _LDIVU_k_is_k_div_j _LMODS_k_is_k_mod_j 
  _LDIVS_k_is_k_div_j _LCMP_k_rel_j _CMP24_k_rel_j _BMULS _BDIVS _BMODS 
  _IMUL_STAR08 _IDIVS_STAR08 _IDIVU_STAR08 _IMODU_STAR08 _IDIVU_8 _IMODU_8 
  _IASR _ILSR _ILSL _ICMP _LINC _LDEC _LNEG _LNOT _LADD _LADD_RC _LSUB _LSUB_LC 
  _LSUB_RC _LAND _LAND_RC _LOR _LOR_RC _LXOR _LXOR_RC _LMUL _LMUL_RC _LDIVS 
  _LDIVS_LC _LDIVS_RC _LDIVU _LDIVU_LC _LDIVU_RC _LMODS _LMODS_LC _LMODS_RC 
  _LMODU _LMODU_LC _LMODU_RC _LASR _LLSR _LLSL _LCMP _LCMP_RC _PUSH_ARGS_24 
  _ENTER_BINARY_24_RC _ENTER_BINARY_24 _CMP24 _CMP24_RC _COPY_L _POP64 _STORE32 
  _STORE64 _SEXT8_32 _SEXT16_32 _CALL_STAR08 _CALL_STAR08_FAR _Jump_Table_Addr 
  _Jump_Table_Offset _Jump_Table_Header_Addr _Jump_Table_Header_Offset 
  _Search_Table_16_Addr _Search_Table_16_Offset _Search_Table_8_Addr 
  _Search_Table_8_Offset _PUSH_CC _POP_CC _CONV_FAR_TO_NEAR _CONV_FAR_TO_LINEAR 
  _CONV_LINEAR_TO_FAR F_CLRK_Unary F_INFK_Unary _UNPACK_k_to_K_Unary 
  _PACK_K_to_k_Unary _FDIV_K_is_L_div_K _F_LONGK _F_FLOATK _FCMP_k_rel_j 
  _FDIV_Common _FADD_RC _FSUB_RC _FSUB_LC _FMUL _FDIV _FDIV_RC _FDIV_LC 
  _FSTRUNC _FUTRUNC _FNEG _FABS _FCMP _FCMP_RC _FINC _FDEC _FSFLOAT _FUFLOAT 
  D_TLK D_TLRes D_TKRes D_XGKL D_CLRK D_CLRK_Unary D_NANK D_NANK_Unary D_INFK 
  D_INFK_Unary _DUNPACK_k_to_K _DUNPACK_k_to_K_Unary _DUNPACK_j_to_L 
  _DPACK_K_to_k _DPACK_K_to_k_Unary D_NORMK_Unary D_NORMK _DADD_K_is_K_plus_L 
  _DMUL_K_is_K_times_L _DDIV_K_is_L_div_K _DCMP_k_rel_j _D_FLOATK _D_LONGK 
  _D_FTODK _D_DTOFK _DADD_Common _DSUB_Common _DMUL_Common _DDIV_Common _DADD 
  _DADD_RC _DSUB _DSUB_RC _DSUB_LC _DMUL _DMUL_RC _DDIV _DDIV_LC _DDIV_RC _DCMP 
  _DCMP_RC _DINC _DDEC _DNEG _DABS _DSFLOAT _DUFLOAT _DSTRUNC _DUTRUNC _DSHORT 
  _DLONG 
clock.c.o:
  Init_Clock Start_Clock Stop_Clock delay_until Set_Timer Time_Out 
  Remove_Timer 
motor.c.o:
  Init_Motor 
lavadora.c.o:
  Visualizacion Control_Discreto LeerEntrada 
NOT USED VARIABLES
RTSHC08.C.o (ansifs.lib):
  _PowOfTwo_8 _PowOfTwo_16 _PowOfTwo_32 plus1 minus1 plus1d minus1d errno 
lavadora.c.o:
  num_marcos Programa V_PROG marco m Paso V_PASO 

*********************************************************************************************
COPYDOWN SECTION
---------------------------------------------------------------------------------------------
------- ROM-ADDRESS: 0xC652 ---- SIZE       2 ---
Filling bytes inserted
 0000

*********************************************************************************************
OBJECT-DEPENDENCIES SECTION
---------------------------------------------------------------------------------------------
Init                      USES _startupData loadByte 
_Startup                  USES __SEG_END_SSTACK Init main 
_ENTER_BINARY_L           USES _PUSH_ARGS_L 
_ENTER_BINARY_L_RC        USES _PUSH_ARGS_L 
_SPLITSIGN                USES _IDIVMOD 
_IMODS_STAR08             USES _SPLITSIGN 
F_NORMK                   USES F_CLRK F_INFK 
_FADD_K_is_K_plus_L       USES F_NANK F_TLK F_XGKL 
_FMUL_K_is_K_times_L      USES F_CLRK F_NANK F_INFK F_TLK 
_FADD_Common              USES _UNPACK_k_to_K _UNPACK_j_to_L 
                                _FADD_K_is_K_plus_L F_NORMK _PACK_K_to_k 
_FSUB_Common              USES _FADD_Common 
_FMUL_Common              USES _UNPACK_k_to_K _UNPACK_j_to_L 
                                _FMUL_K_is_K_times_L F_NORMK _PACK_K_to_k 
_FADD                     USES _ENTER_BINARY_L _FADD_Common 
_FSUB                     USES _ENTER_BINARY_L _FSUB_Common 
_FMUL_RC                  USES _ENTER_BINARY_L_RC _FMUL_Common 
Tick                      USES _MTIMSC tick_counter Active_Timer Timer TO 
                                timer_function 
Get_Time                  USES tick_counter 
Set_U                     USES Uk Vel_1 _FMUL_RC Uk_1 _FADD Vel _POP32 
Read_W                    USES Vel _COPY 
main                      USES InitSystem j W_ref estado Get_Time siguiente 
                                Entrada Control_Motor 
InitSystem                USES _ICSTRM _ICSC2 _SOPT1 _PTBD _PTBDD 
Control_Motor             USES W Read_W j buffer _COPY _IMODS_STAR08 W_ref 
                                _FSUB E _POP32 U Set_U E_ant 
_Vector_6                 USES Tick 

*********************************************************************************************
DEPENDENCY TREE
*********************************************************************************************
 main and _Startup Group
 | 
 +- main                
 |  | 
 |  +- InitSystem          
 |  |    
 |  +- Get_Time            
 |  |    
 |  +- Control_Motor       
 |     | 
 |     +- Read_W              
 |     |  | 
 |     |  +- _COPY               
 |     |       
 |     +- _COPY                (see above)
 |     |  
 |     +- _IMODS_STAR08       
 |     |  | 
 |     |  +- _SPLITSIGN          
 |     |     | 
 |     |     +- _IDIVMOD            
 |     |          
 |     +- _FSUB               
 |     |  | 
 |     |  +- _ENTER_BINARY_L     
 |     |  |  | 
 |     |  |  +- _PUSH_ARGS_L        
 |     |  |       
 |     |  +- _FSUB_Common        
 |     |     | 
 |     |     +- _FADD_Common        
 |     |        | 
 |     |        +- _UNPACK_k_to_K      
 |     |        |    
 |     |        +- _UNPACK_j_to_L      
 |     |        |    
 |     |        +- _FADD_K_is_K_plus_L 
 |     |        |  | 
 |     |        |  +- F_NANK              
 |     |        |  |    
 |     |        |  +- F_TLK               
 |     |        |  |    
 |     |        |  +- F_XGKL              
 |     |        |       
 |     |        +- F_NORMK             
 |     |        |  | 
 |     |        |  +- F_CLRK              
 |     |        |  |    
 |     |        |  +- F_INFK              
 |     |        |       
 |     |        +- _PACK_K_to_k        
 |     |             
 |     +- _POP32              
 |     |    
 |     +- Set_U               
 |        | 
 |        +- _FMUL_RC            
 |        |  | 
 |        |  +- _ENTER_BINARY_L_RC  
 |        |  |  | 
 |        |  |  +- _PUSH_ARGS_L         (see above)
 |        |  |     
 |        |  +- _FMUL_Common        
 |        |     | 
 |        |     +- _UNPACK_k_to_K       (see above)
 |        |     |  
 |        |     +- _UNPACK_j_to_L       (see above)
 |        |     |  
 |        |     +- _FMUL_K_is_K_times_L
 |        |     |  | 
 |        |     |  +- F_CLRK               (see above)
 |        |     |  |  
 |        |     |  +- F_NANK               (see above)
 |        |     |  |  
 |        |     |  +- F_INFK               (see above)
 |        |     |  |  
 |        |     |  +- F_TLK                (see above)
 |        |     |     
 |        |     +- F_NORMK              (see above)
 |        |     |  
 |        |     +- _PACK_K_to_k         (see above)
 |        |        
 |        +- _FADD               
 |        |  | 
 |        |  +- _ENTER_BINARY_L      (see above)
 |        |  |  
 |        |  +- _FADD_Common         (see above)
 |        |     
 |        +- _POP32               (see above)
 |           
 +- _Startup            
    | 
    +- Init                
    |  | 
    |  +- loadByte            
    |       
    +- main                 (see above)
       
 _Vector_6           
 | 
 +- Tick                
      
*********************************************************************************************
STATISTIC SECTION
---------------------------------------------------------------------------------------------

ExeFile:
--------
Number of blocks to be downloaded: 4
Total size of all blocks to be downloaded: 1624

